2025-11-23T05:09:05.230384Z  INFO tailwindcss_oxide::scanner: Provided sources:
2025-11-23T05:09:05.230511Z  INFO tailwindcss_oxide::scanner: Source: PublicSourceEntry { base: "G:\\GitHub\\lotes-en-taganga\\lotes-en-taganga", pattern: "**/*", negated: false }
2025-11-23T05:09:05.230722Z  INFO tailwindcss_oxide::scanner: Optimized sources:
2025-11-23T05:09:05.230746Z  INFO tailwindcss_oxide::scanner: Source: Auto { base: "G:\\GitHub\\lotes-en-taganga\\lotes-en-taganga" }
2025-11-23T05:09:05.232603Z  INFO scan_sources: tailwindcss_oxide::scanner: enter
2025-11-23T05:09:05.234252Z  INFO scan_sources: tailwindcss_oxide::scanner: Discovering "G:\\GitHub\\lotes-en-taganga\\lotes-en-taganga\\app"
2025-11-23T05:09:05.234533Z  INFO scan_sources: tailwindcss_oxide::scanner: Discovering "G:\\GitHub\\lotes-en-taganga\\lotes-en-taganga\\app\\components"
2025-11-23T05:09:05.235007Z  INFO scan_sources: tailwindcss_oxide::scanner: Discovering "G:\\GitHub\\lotes-en-taganga\\lotes-en-taganga\\app\\components\\Beneficits.tsx"
2025-11-23T05:09:05.235139Z  INFO scan_sources: tailwindcss_oxide::scanner: Discovering "G:\\GitHub\\lotes-en-taganga\\lotes-en-taganga\\app\\components\\Header.tsx"
2025-11-23T05:09:05.235232Z  INFO scan_sources: tailwindcss_oxide::scanner: Discovering "G:\\GitHub\\lotes-en-taganga\\lotes-en-taganga\\app\\components\\Hero.tsx"
2025-11-23T05:09:05.235356Z  INFO scan_sources: tailwindcss_oxide::scanner: Discovering "G:\\GitHub\\lotes-en-taganga\\lotes-en-taganga\\app\\globals.css"
2025-11-23T05:09:05.235454Z  INFO scan_sources: tailwindcss_oxide::scanner: Discovering "G:\\GitHub\\lotes-en-taganga\\lotes-en-taganga\\app\\layout.tsx"
2025-11-23T05:09:05.235564Z  INFO scan_sources: tailwindcss_oxide::scanner: Discovering "G:\\GitHub\\lotes-en-taganga\\lotes-en-taganga\\app\\page.tsx"
2025-11-23T05:09:05.235711Z  INFO scan_sources: tailwindcss_oxide::scanner: Discovering "G:\\GitHub\\lotes-en-taganga\\lotes-en-taganga\\eslint.config.mjs"
2025-11-23T05:09:05.235836Z  INFO scan_sources: tailwindcss_oxide::scanner: Discovering "G:\\GitHub\\lotes-en-taganga\\lotes-en-taganga\\next.config.ts"
2025-11-23T05:09:05.236194Z  INFO scan_sources: tailwindcss_oxide::scanner: Discovering "G:\\GitHub\\lotes-en-taganga\\lotes-en-taganga\\package.json"
2025-11-23T05:09:05.236303Z  INFO scan_sources: tailwindcss_oxide::scanner: Discovering "G:\\GitHub\\lotes-en-taganga\\lotes-en-taganga\\postcss.config.mjs"
2025-11-23T05:09:05.236483Z  INFO scan_sources: tailwindcss_oxide::scanner: Discovering "G:\\GitHub\\lotes-en-taganga\\lotes-en-taganga\\public"
2025-11-23T05:09:05.236743Z  INFO scan_sources: tailwindcss_oxide::scanner: Discovering "G:\\GitHub\\lotes-en-taganga\\lotes-en-taganga\\public\\file.svg"
2025-11-23T05:09:05.236846Z  INFO scan_sources: tailwindcss_oxide::scanner: Discovering "G:\\GitHub\\lotes-en-taganga\\lotes-en-taganga\\public\\globe.svg"
2025-11-23T05:09:05.236944Z  INFO scan_sources: tailwindcss_oxide::scanner: Discovering "G:\\GitHub\\lotes-en-taganga\\lotes-en-taganga\\public\\next.svg"
2025-11-23T05:09:05.237038Z  INFO scan_sources: tailwindcss_oxide::scanner: Discovering "G:\\GitHub\\lotes-en-taganga\\lotes-en-taganga\\public\\vercel.svg"
2025-11-23T05:09:05.237398Z  INFO scan_sources: tailwindcss_oxide::scanner: Discovering "G:\\GitHub\\lotes-en-taganga\\lotes-en-taganga\\public\\window.svg"
2025-11-23T05:09:05.237534Z  INFO scan_sources: tailwindcss_oxide::scanner: Discovering "G:\\GitHub\\lotes-en-taganga\\lotes-en-taganga\\README.md"
2025-11-23T05:09:05.237646Z  INFO scan_sources: tailwindcss_oxide::scanner: Discovering "G:\\GitHub\\lotes-en-taganga\\lotes-en-taganga\\tsconfig.json"
2025-11-23T05:09:05.237770Z  INFO scan_sources: tailwindcss_oxide::scanner: exit
2025-11-23T05:09:05.237783Z  INFO extract_candidates: tailwindcss_oxide::scanner: enter
2025-11-23T05:09:05.237792Z  INFO extract_candidates:read_all_files: tailwindcss_oxide::scanner: enter
2025-11-23T05:09:05.237797Z  INFO extract_candidates:read_all_files: tailwindcss_oxide::scanner: Reading 16 file(s)
2025-11-23T05:09:05.238337Z  INFO tailwindcss_oxide::scanner: Reading "G:\\GitHub\\lotes-en-taganga\\lotes-en-taganga\\app\\components\\Beneficits.tsx"
2025-11-23T05:09:05.238341Z  INFO tailwindcss_oxide::scanner: Reading "G:\\GitHub\\lotes-en-taganga\\lotes-en-taganga\\app\\page.tsx"
2025-11-23T05:09:05.238339Z  INFO tailwindcss_oxide::scanner: Reading "G:\\GitHub\\lotes-en-taganga\\lotes-en-taganga\\postcss.config.mjs"
2025-11-23T05:09:05.238422Z  INFO tailwindcss_oxide::scanner: Reading "G:\\GitHub\\lotes-en-taganga\\lotes-en-taganga\\public\\vercel.svg"
2025-11-23T05:09:05.238444Z  INFO tailwindcss_oxide::scanner: Reading "G:\\GitHub\\lotes-en-taganga\\lotes-en-taganga\\next.config.ts"
2025-11-23T05:09:05.238447Z  INFO tailwindcss_oxide::scanner: Reading "G:\\GitHub\\lotes-en-taganga\\lotes-en-taganga\\public\\window.svg"
2025-11-23T05:09:05.238578Z  INFO tailwindcss_oxide::scanner: Reading "G:\\GitHub\\lotes-en-taganga\\lotes-en-taganga\\app\\components\\Header.tsx"
2025-11-23T05:09:05.238582Z  INFO tailwindcss_oxide::scanner: Reading "G:\\GitHub\\lotes-en-taganga\\lotes-en-taganga\\tsconfig.json"
2025-11-23T05:09:05.238591Z  INFO tailwindcss_oxide::scanner: Reading "G:\\GitHub\\lotes-en-taganga\\lotes-en-taganga\\public\\file.svg"
2025-11-23T05:09:05.238608Z  INFO tailwindcss_oxide::scanner: Reading "G:\\GitHub\\lotes-en-taganga\\lotes-en-taganga\\app\\components\\Hero.tsx"
2025-11-23T05:09:05.238622Z  INFO tailwindcss_oxide::scanner: Reading "G:\\GitHub\\lotes-en-taganga\\lotes-en-taganga\\eslint.config.mjs"
2025-11-23T05:09:05.238636Z  INFO tailwindcss_oxide::scanner: Reading "G:\\GitHub\\lotes-en-taganga\\lotes-en-taganga\\package.json"
2025-11-23T05:09:05.238628Z  INFO tailwindcss_oxide::scanner: Reading "G:\\GitHub\\lotes-en-taganga\\lotes-en-taganga\\app\\layout.tsx"
2025-11-23T05:09:05.268588Z  INFO tailwindcss_oxide::scanner: Reading "G:\\GitHub\\lotes-en-taganga\\lotes-en-taganga\\README.md"
2025-11-23T05:09:05.273685Z  INFO tailwindcss_oxide::scanner: Reading "G:\\GitHub\\lotes-en-taganga\\lotes-en-taganga\\public\\globe.svg"
2025-11-23T05:09:05.281190Z  INFO tailwindcss_oxide::scanner: Reading "G:\\GitHub\\lotes-en-taganga\\lotes-en-taganga\\public\\next.svg"
2025-11-23T05:09:05.281348Z  INFO extract_candidates:read_all_files: tailwindcss_oxide::scanner: exit
2025-11-23T05:09:05.281385Z  INFO extract_candidates:parse_all_blobs: tailwindcss_oxide::scanner: enter
2025-11-23T05:09:05.281393Z  INFO extract_candidates:parse_all_blobs:extract: tailwindcss_oxide::scanner: enter
2025-11-23T05:09:05.281816Z  INFO extract_candidates:parse_all_blobs:extract: tailwindcss_oxide::scanner: exit
2025-11-23T05:09:05.281839Z  INFO extract_candidates:parse_all_blobs: tailwindcss_oxide::scanner: exit
2025-11-23T05:09:05.281848Z  INFO extract_candidates:read_all_files: tailwindcss_oxide::scanner: enter
2025-11-23T05:09:05.281854Z  INFO extract_candidates:read_all_files: tailwindcss_oxide::scanner: Reading 1 file(s)
2025-11-23T05:09:05.281989Z  INFO extract_candidates:read_all_files: tailwindcss_oxide::scanner: Reading "G:\\GitHub\\lotes-en-taganga\\lotes-en-taganga\\app\\globals.css"
2025-11-23T05:09:05.281998Z  INFO extract_candidates:read_all_files: tailwindcss_oxide::scanner: exit
2025-11-23T05:09:05.282005Z  INFO extract_candidates:extract_css_variables: tailwindcss_oxide::scanner: enter
2025-11-23T05:09:05.282009Z  INFO extract_candidates:extract_css_variables:extract: tailwindcss_oxide::scanner: enter
2025-11-23T05:09:05.282101Z  INFO extract_candidates:extract_css_variables:extract: tailwindcss_oxide::scanner: exit
2025-11-23T05:09:05.282116Z  INFO extract_candidates:extract_css_variables: tailwindcss_oxide::scanner: exit
2025-11-23T05:09:05.282578Z  INFO extract_candidates: tailwindcss_oxide::scanner: exit
2025-11-23T05:09:05.283025Z  INFO get_files: tailwindcss_oxide::scanner: enter
2025-11-23T05:09:05.283036Z  INFO get_files:scan_sources: tailwindcss_oxide::scanner: enter
2025-11-23T05:09:05.284265Z  INFO get_files:scan_sources: tailwindcss_oxide::scanner: Discovering "G:\\GitHub\\lotes-en-taganga\\lotes-en-taganga\\app"
2025-11-23T05:09:05.284452Z  INFO get_files:scan_sources: tailwindcss_oxide::scanner: Discovering "G:\\GitHub\\lotes-en-taganga\\lotes-en-taganga\\app\\components"
2025-11-23T05:09:05.285212Z  INFO get_files:scan_sources: tailwindcss_oxide::scanner: Discovering "G:\\GitHub\\lotes-en-taganga\\lotes-en-taganga\\public"
2025-11-23T05:09:05.285618Z  INFO get_files:scan_sources: tailwindcss_oxide::scanner: exit
2025-11-23T05:09:05.285731Z  INFO get_files: tailwindcss_oxide::scanner: exit
2025-11-23T05:09:05.285807Z  INFO get_globs: tailwindcss_oxide::scanner: enter
2025-11-23T05:09:05.285814Z  INFO get_globs:scan_sources: tailwindcss_oxide::scanner: enter
2025-11-23T05:09:05.286786Z  INFO get_globs:scan_sources: tailwindcss_oxide::scanner: Discovering "G:\\GitHub\\lotes-en-taganga\\lotes-en-taganga\\app"
2025-11-23T05:09:05.286946Z  INFO get_globs:scan_sources: tailwindcss_oxide::scanner: Discovering "G:\\GitHub\\lotes-en-taganga\\lotes-en-taganga\\app\\components"
2025-11-23T05:09:05.287687Z  INFO get_globs:scan_sources: tailwindcss_oxide::scanner: Discovering "G:\\GitHub\\lotes-en-taganga\\lotes-en-taganga\\public"
2025-11-23T05:09:05.288048Z  INFO get_globs:scan_sources: tailwindcss_oxide::scanner: exit
2025-11-23T05:09:05.290235Z  INFO get_globs: tailwindcss_oxide::scanner: exit
2025-11-23T05:10:59.912254Z  INFO scan_sources: tailwindcss_oxide::scanner: enter
2025-11-23T05:10:59.913502Z  INFO scan_sources: tailwindcss_oxide::scanner: Discovering "G:\\GitHub\\lotes-en-taganga\\lotes-en-taganga\\app"
2025-11-23T05:10:59.913689Z  INFO scan_sources: tailwindcss_oxide::scanner: Discovering "G:\\GitHub\\lotes-en-taganga\\lotes-en-taganga\\app\\components"
2025-11-23T05:10:59.913931Z  INFO scan_sources: tailwindcss_oxide::scanner: Discovering "G:\\GitHub\\lotes-en-taganga\\lotes-en-taganga\\app\\components\\Location.tsx"
2025-11-23T05:10:59.914457Z  INFO scan_sources: tailwindcss_oxide::scanner: Discovering "G:\\GitHub\\lotes-en-taganga\\lotes-en-taganga\\public"
2025-11-23T05:10:59.914851Z  INFO scan_sources: tailwindcss_oxide::scanner: exit
2025-11-23T05:10:59.914862Z  INFO extract_candidates: tailwindcss_oxide::scanner: enter
2025-11-23T05:10:59.914867Z  INFO extract_candidates:read_all_files: tailwindcss_oxide::scanner: enter
2025-11-23T05:10:59.914870Z  INFO extract_candidates:read_all_files: tailwindcss_oxide::scanner: Reading 1 file(s)
2025-11-23T05:10:59.914910Z  INFO extract_candidates:read_all_files: tailwindcss_oxide::scanner: Reading "G:\\GitHub\\lotes-en-taganga\\lotes-en-taganga\\app\\components\\Location.tsx"
2025-11-23T05:10:59.914918Z  INFO extract_candidates:read_all_files: tailwindcss_oxide::scanner: exit
2025-11-23T05:10:59.914922Z  INFO extract_candidates:parse_all_blobs: tailwindcss_oxide::scanner: enter
2025-11-23T05:10:59.914926Z  INFO extract_candidates:parse_all_blobs:extract: tailwindcss_oxide::scanner: enter
2025-11-23T05:10:59.914929Z  INFO extract_candidates:parse_all_blobs:extract: tailwindcss_oxide::scanner: exit
2025-11-23T05:10:59.914933Z  INFO extract_candidates:parse_all_blobs: tailwindcss_oxide::scanner: exit
2025-11-23T05:10:59.914937Z  INFO extract_candidates: tailwindcss_oxide::scanner: exit
2025-11-23T05:10:59.915062Z  INFO get_files: tailwindcss_oxide::scanner: enter
2025-11-23T05:10:59.915068Z  INFO get_files:scan_sources: tailwindcss_oxide::scanner: enter
2025-11-23T05:10:59.916031Z  INFO get_files:scan_sources: tailwindcss_oxide::scanner: Discovering "G:\\GitHub\\lotes-en-taganga\\lotes-en-taganga\\app"
2025-11-23T05:10:59.916200Z  INFO get_files:scan_sources: tailwindcss_oxide::scanner: Discovering "G:\\GitHub\\lotes-en-taganga\\lotes-en-taganga\\app\\components"
2025-11-23T05:10:59.916876Z  INFO get_files:scan_sources: tailwindcss_oxide::scanner: Discovering "G:\\GitHub\\lotes-en-taganga\\lotes-en-taganga\\public"
2025-11-23T05:10:59.917224Z  INFO get_files:scan_sources: tailwindcss_oxide::scanner: exit
2025-11-23T05:10:59.917392Z  INFO get_files: tailwindcss_oxide::scanner: exit
2025-11-23T05:10:59.917473Z  INFO get_globs: tailwindcss_oxide::scanner: enter
2025-11-23T05:10:59.917481Z  INFO get_globs: tailwindcss_oxide::scanner: exit
2025-11-23T05:11:01.685024Z  INFO scan_sources: tailwindcss_oxide::scanner: enter
2025-11-23T05:11:01.686248Z  INFO scan_sources: tailwindcss_oxide::scanner: Discovering "G:\\GitHub\\lotes-en-taganga\\lotes-en-taganga\\app"
2025-11-23T05:11:01.686416Z  INFO scan_sources: tailwindcss_oxide::scanner: Discovering "G:\\GitHub\\lotes-en-taganga\\lotes-en-taganga\\app\\components"
2025-11-23T05:11:01.686651Z  INFO scan_sources: tailwindcss_oxide::scanner: Discovering "G:\\GitHub\\lotes-en-taganga\\lotes-en-taganga\\app\\components\\Location.tsx"
2025-11-23T05:11:01.687186Z  INFO scan_sources: tailwindcss_oxide::scanner: Discovering "G:\\GitHub\\lotes-en-taganga\\lotes-en-taganga\\public"
2025-11-23T05:11:01.687645Z  INFO scan_sources: tailwindcss_oxide::scanner: exit
2025-11-23T05:11:01.687656Z  INFO extract_candidates: tailwindcss_oxide::scanner: enter
2025-11-23T05:11:01.687662Z  INFO extract_candidates:read_all_files: tailwindcss_oxide::scanner: enter
2025-11-23T05:11:01.687665Z  INFO extract_candidates:read_all_files: tailwindcss_oxide::scanner: Reading 1 file(s)
2025-11-23T05:11:01.687731Z  INFO extract_candidates:read_all_files: tailwindcss_oxide::scanner: Reading "G:\\GitHub\\lotes-en-taganga\\lotes-en-taganga\\app\\components\\Location.tsx"
2025-11-23T05:11:01.687741Z  INFO extract_candidates:read_all_files: tailwindcss_oxide::scanner: exit
2025-11-23T05:11:01.687746Z  INFO extract_candidates:parse_all_blobs: tailwindcss_oxide::scanner: enter
2025-11-23T05:11:01.687749Z  INFO extract_candidates:parse_all_blobs:extract: tailwindcss_oxide::scanner: enter
2025-11-23T05:11:01.688048Z  INFO extract_candidates:parse_all_blobs:extract: tailwindcss_oxide::scanner: exit
2025-11-23T05:11:01.688057Z  INFO extract_candidates:parse_all_blobs: tailwindcss_oxide::scanner: exit
2025-11-23T05:11:01.688183Z  INFO extract_candidates: tailwindcss_oxide::scanner: exit
2025-11-23T05:11:01.688343Z  INFO get_files: tailwindcss_oxide::scanner: enter
2025-11-23T05:11:01.688351Z  INFO get_files:scan_sources: tailwindcss_oxide::scanner: enter
2025-11-23T05:11:01.689390Z  INFO get_files:scan_sources: tailwindcss_oxide::scanner: Discovering "G:\\GitHub\\lotes-en-taganga\\lotes-en-taganga\\app"
2025-11-23T05:11:01.689547Z  INFO get_files:scan_sources: tailwindcss_oxide::scanner: Discovering "G:\\GitHub\\lotes-en-taganga\\lotes-en-taganga\\app\\components"
2025-11-23T05:11:01.690231Z  INFO get_files:scan_sources: tailwindcss_oxide::scanner: Discovering "G:\\GitHub\\lotes-en-taganga\\lotes-en-taganga\\public"
2025-11-23T05:11:01.690601Z  INFO get_files:scan_sources: tailwindcss_oxide::scanner: exit
2025-11-23T05:11:01.690687Z  INFO get_files: tailwindcss_oxide::scanner: exit
2025-11-23T05:11:01.690755Z  INFO get_globs: tailwindcss_oxide::scanner: enter
2025-11-23T05:11:01.690762Z  INFO get_globs: tailwindcss_oxide::scanner: exit
2025-11-23T05:11:30.226871Z  INFO scan_sources: tailwindcss_oxide::scanner: enter
2025-11-23T05:11:30.228565Z  INFO scan_sources: tailwindcss_oxide::scanner: Discovering "G:\\GitHub\\lotes-en-taganga\\lotes-en-taganga\\app"
2025-11-23T05:11:30.228736Z  INFO scan_sources: tailwindcss_oxide::scanner: Discovering "G:\\GitHub\\lotes-en-taganga\\lotes-en-taganga\\app\\components"
2025-11-23T05:11:30.229009Z  INFO scan_sources: tailwindcss_oxide::scanner: Discovering "G:\\GitHub\\lotes-en-taganga\\lotes-en-taganga\\app\\components\\PriceTable.tsx"
2025-11-23T05:11:30.229547Z  INFO scan_sources: tailwindcss_oxide::scanner: Discovering "G:\\GitHub\\lotes-en-taganga\\lotes-en-taganga\\public"
2025-11-23T05:11:30.229925Z  INFO scan_sources: tailwindcss_oxide::scanner: exit
2025-11-23T05:11:30.229935Z  INFO extract_candidates: tailwindcss_oxide::scanner: enter
2025-11-23T05:11:30.229939Z  INFO extract_candidates:read_all_files: tailwindcss_oxide::scanner: enter
2025-11-23T05:11:30.229942Z  INFO extract_candidates:read_all_files: tailwindcss_oxide::scanner: Reading 1 file(s)
2025-11-23T05:11:30.229983Z  INFO extract_candidates:read_all_files: tailwindcss_oxide::scanner: Reading "G:\\GitHub\\lotes-en-taganga\\lotes-en-taganga\\app\\components\\PriceTable.tsx"
2025-11-23T05:11:30.230018Z  INFO extract_candidates:read_all_files: tailwindcss_oxide::scanner: exit
2025-11-23T05:11:30.230025Z  INFO extract_candidates:parse_all_blobs: tailwindcss_oxide::scanner: enter
2025-11-23T05:11:30.230029Z  INFO extract_candidates:parse_all_blobs:extract: tailwindcss_oxide::scanner: enter
2025-11-23T05:11:30.230033Z  INFO extract_candidates:parse_all_blobs:extract: tailwindcss_oxide::scanner: exit
2025-11-23T05:11:30.230036Z  INFO extract_candidates:parse_all_blobs: tailwindcss_oxide::scanner: exit
2025-11-23T05:11:30.230040Z  INFO extract_candidates: tailwindcss_oxide::scanner: exit
2025-11-23T05:11:30.230186Z  INFO get_files: tailwindcss_oxide::scanner: enter
2025-11-23T05:11:30.230192Z  INFO get_files:scan_sources: tailwindcss_oxide::scanner: enter
2025-11-23T05:11:30.231177Z  INFO get_files:scan_sources: tailwindcss_oxide::scanner: Discovering "G:\\GitHub\\lotes-en-taganga\\lotes-en-taganga\\app"
2025-11-23T05:11:30.231334Z  INFO get_files:scan_sources: tailwindcss_oxide::scanner: Discovering "G:\\GitHub\\lotes-en-taganga\\lotes-en-taganga\\app\\components"
2025-11-23T05:11:30.232034Z  INFO get_files:scan_sources: tailwindcss_oxide::scanner: Discovering "G:\\GitHub\\lotes-en-taganga\\lotes-en-taganga\\public"
2025-11-23T05:11:30.232392Z  INFO get_files:scan_sources: tailwindcss_oxide::scanner: exit
2025-11-23T05:11:30.232510Z  INFO get_files: tailwindcss_oxide::scanner: exit
2025-11-23T05:11:30.232601Z  INFO get_globs: tailwindcss_oxide::scanner: enter
2025-11-23T05:11:30.232626Z  INFO get_globs: tailwindcss_oxide::scanner: exit
2025-11-23T05:11:31.654630Z  INFO scan_sources: tailwindcss_oxide::scanner: enter
2025-11-23T05:11:31.655915Z  INFO scan_sources: tailwindcss_oxide::scanner: Discovering "G:\\GitHub\\lotes-en-taganga\\lotes-en-taganga\\app"
2025-11-23T05:11:31.656084Z  INFO scan_sources: tailwindcss_oxide::scanner: Discovering "G:\\GitHub\\lotes-en-taganga\\lotes-en-taganga\\app\\components"
2025-11-23T05:11:31.656357Z  INFO scan_sources: tailwindcss_oxide::scanner: Discovering "G:\\GitHub\\lotes-en-taganga\\lotes-en-taganga\\app\\components\\PriceTable.tsx"
2025-11-23T05:11:31.656872Z  INFO scan_sources: tailwindcss_oxide::scanner: Discovering "G:\\GitHub\\lotes-en-taganga\\lotes-en-taganga\\public"
2025-11-23T05:11:31.657256Z  INFO scan_sources: tailwindcss_oxide::scanner: exit
2025-11-23T05:11:31.657266Z  INFO extract_candidates: tailwindcss_oxide::scanner: enter
2025-11-23T05:11:31.657270Z  INFO extract_candidates:read_all_files: tailwindcss_oxide::scanner: enter
2025-11-23T05:11:31.657274Z  INFO extract_candidates:read_all_files: tailwindcss_oxide::scanner: Reading 1 file(s)
2025-11-23T05:11:31.657341Z  INFO extract_candidates:read_all_files: tailwindcss_oxide::scanner: Reading "G:\\GitHub\\lotes-en-taganga\\lotes-en-taganga\\app\\components\\PriceTable.tsx"
2025-11-23T05:11:31.657351Z  INFO extract_candidates:read_all_files: tailwindcss_oxide::scanner: exit
2025-11-23T05:11:31.657355Z  INFO extract_candidates:parse_all_blobs: tailwindcss_oxide::scanner: enter
2025-11-23T05:11:31.657358Z  INFO extract_candidates:parse_all_blobs:extract: tailwindcss_oxide::scanner: enter
2025-11-23T05:11:31.657562Z  INFO extract_candidates:parse_all_blobs:extract: tailwindcss_oxide::scanner: exit
2025-11-23T05:11:31.657584Z  INFO extract_candidates:parse_all_blobs: tailwindcss_oxide::scanner: exit
2025-11-23T05:11:31.657742Z  INFO extract_candidates: tailwindcss_oxide::scanner: exit
2025-11-23T05:11:31.657888Z  INFO get_files: tailwindcss_oxide::scanner: enter
2025-11-23T05:11:31.657896Z  INFO get_files:scan_sources: tailwindcss_oxide::scanner: enter
2025-11-23T05:11:31.659000Z  INFO get_files:scan_sources: tailwindcss_oxide::scanner: Discovering "G:\\GitHub\\lotes-en-taganga\\lotes-en-taganga\\app"
2025-11-23T05:11:31.659157Z  INFO get_files:scan_sources: tailwindcss_oxide::scanner: Discovering "G:\\GitHub\\lotes-en-taganga\\lotes-en-taganga\\app\\components"
2025-11-23T05:11:31.659889Z  INFO get_files:scan_sources: tailwindcss_oxide::scanner: Discovering "G:\\GitHub\\lotes-en-taganga\\lotes-en-taganga\\public"
2025-11-23T05:11:31.660258Z  INFO get_files:scan_sources: tailwindcss_oxide::scanner: exit
2025-11-23T05:11:31.660336Z  INFO get_files: tailwindcss_oxide::scanner: exit
2025-11-23T05:11:31.660417Z  INFO get_globs: tailwindcss_oxide::scanner: enter
2025-11-23T05:11:31.660424Z  INFO get_globs: tailwindcss_oxide::scanner: exit
2025-11-23T05:12:00.243060Z  INFO scan_sources: tailwindcss_oxide::scanner: enter
2025-11-23T05:12:00.244381Z  INFO scan_sources: tailwindcss_oxide::scanner: Discovering "G:\\GitHub\\lotes-en-taganga\\lotes-en-taganga\\app"
2025-11-23T05:12:00.244548Z  INFO scan_sources: tailwindcss_oxide::scanner: Discovering "G:\\GitHub\\lotes-en-taganga\\lotes-en-taganga\\app\\components"
2025-11-23T05:12:00.244720Z  INFO scan_sources: tailwindcss_oxide::scanner: Discovering "G:\\GitHub\\lotes-en-taganga\\lotes-en-taganga\\app\\components\\Gallery.tsx"
2025-11-23T05:12:00.245360Z  INFO scan_sources: tailwindcss_oxide::scanner: Discovering "G:\\GitHub\\lotes-en-taganga\\lotes-en-taganga\\public"
2025-11-23T05:12:00.245742Z  INFO scan_sources: tailwindcss_oxide::scanner: exit
2025-11-23T05:12:00.245752Z  INFO extract_candidates: tailwindcss_oxide::scanner: enter
2025-11-23T05:12:00.245756Z  INFO extract_candidates:read_all_files: tailwindcss_oxide::scanner: enter
2025-11-23T05:12:00.245759Z  INFO extract_candidates:read_all_files: tailwindcss_oxide::scanner: Reading 1 file(s)
2025-11-23T05:12:00.245801Z  INFO extract_candidates:read_all_files: tailwindcss_oxide::scanner: Reading "G:\\GitHub\\lotes-en-taganga\\lotes-en-taganga\\app\\components\\Gallery.tsx"
2025-11-23T05:12:00.245810Z  INFO extract_candidates:read_all_files: tailwindcss_oxide::scanner: exit
2025-11-23T05:12:00.245814Z  INFO extract_candidates:parse_all_blobs: tailwindcss_oxide::scanner: enter
2025-11-23T05:12:00.245817Z  INFO extract_candidates:parse_all_blobs:extract: tailwindcss_oxide::scanner: enter
2025-11-23T05:12:00.245821Z  INFO extract_candidates:parse_all_blobs:extract: tailwindcss_oxide::scanner: exit
2025-11-23T05:12:00.245824Z  INFO extract_candidates:parse_all_blobs: tailwindcss_oxide::scanner: exit
2025-11-23T05:12:00.245829Z  INFO extract_candidates: tailwindcss_oxide::scanner: exit
2025-11-23T05:12:00.245948Z  INFO get_files: tailwindcss_oxide::scanner: enter
2025-11-23T05:12:00.245953Z  INFO get_files:scan_sources: tailwindcss_oxide::scanner: enter
2025-11-23T05:12:00.246878Z  INFO get_files:scan_sources: tailwindcss_oxide::scanner: Discovering "G:\\GitHub\\lotes-en-taganga\\lotes-en-taganga\\app"
2025-11-23T05:12:00.247032Z  INFO get_files:scan_sources: tailwindcss_oxide::scanner: Discovering "G:\\GitHub\\lotes-en-taganga\\lotes-en-taganga\\app\\components"
2025-11-23T05:12:00.247775Z  INFO get_files:scan_sources: tailwindcss_oxide::scanner: Discovering "G:\\GitHub\\lotes-en-taganga\\lotes-en-taganga\\public"
2025-11-23T05:12:00.248134Z  INFO get_files:scan_sources: tailwindcss_oxide::scanner: exit
2025-11-23T05:12:00.248319Z  INFO get_files: tailwindcss_oxide::scanner: exit
2025-11-23T05:12:00.248423Z  INFO get_globs: tailwindcss_oxide::scanner: enter
2025-11-23T05:12:00.248430Z  INFO get_globs: tailwindcss_oxide::scanner: exit
2025-11-23T05:12:02.208362Z  INFO scan_sources: tailwindcss_oxide::scanner: enter
2025-11-23T05:12:02.209617Z  INFO scan_sources: tailwindcss_oxide::scanner: Discovering "G:\\GitHub\\lotes-en-taganga\\lotes-en-taganga\\app"
2025-11-23T05:12:02.209787Z  INFO scan_sources: tailwindcss_oxide::scanner: Discovering "G:\\GitHub\\lotes-en-taganga\\lotes-en-taganga\\app\\components"
2025-11-23T05:12:02.209963Z  INFO scan_sources: tailwindcss_oxide::scanner: Discovering "G:\\GitHub\\lotes-en-taganga\\lotes-en-taganga\\app\\components\\Gallery.tsx"
2025-11-23T05:12:02.210720Z  INFO scan_sources: tailwindcss_oxide::scanner: Discovering "G:\\GitHub\\lotes-en-taganga\\lotes-en-taganga\\public"
2025-11-23T05:12:02.211172Z  INFO scan_sources: tailwindcss_oxide::scanner: exit
2025-11-23T05:12:02.211186Z  INFO extract_candidates: tailwindcss_oxide::scanner: enter
2025-11-23T05:12:02.211191Z  INFO extract_candidates:read_all_files: tailwindcss_oxide::scanner: enter
2025-11-23T05:12:02.211202Z  INFO extract_candidates:read_all_files: tailwindcss_oxide::scanner: Reading 1 file(s)
2025-11-23T05:12:02.211282Z  INFO extract_candidates:read_all_files: tailwindcss_oxide::scanner: Reading "G:\\GitHub\\lotes-en-taganga\\lotes-en-taganga\\app\\components\\Gallery.tsx"
2025-11-23T05:12:02.211293Z  INFO extract_candidates:read_all_files: tailwindcss_oxide::scanner: exit
2025-11-23T05:12:02.211297Z  INFO extract_candidates:parse_all_blobs: tailwindcss_oxide::scanner: enter
2025-11-23T05:12:02.211302Z  INFO extract_candidates:parse_all_blobs:extract: tailwindcss_oxide::scanner: enter
2025-11-23T05:12:02.211506Z  INFO extract_candidates:parse_all_blobs:extract: tailwindcss_oxide::scanner: exit
2025-11-23T05:12:02.211523Z  INFO extract_candidates:parse_all_blobs: tailwindcss_oxide::scanner: exit
2025-11-23T05:12:02.211573Z  INFO extract_candidates: tailwindcss_oxide::scanner: exit
2025-11-23T05:12:02.211819Z  INFO get_files: tailwindcss_oxide::scanner: enter
2025-11-23T05:12:02.211827Z  INFO get_files:scan_sources: tailwindcss_oxide::scanner: enter
2025-11-23T05:12:02.213139Z  INFO get_files:scan_sources: tailwindcss_oxide::scanner: Discovering "G:\\GitHub\\lotes-en-taganga\\lotes-en-taganga\\app"
2025-11-23T05:12:02.213312Z  INFO get_files:scan_sources: tailwindcss_oxide::scanner: Discovering "G:\\GitHub\\lotes-en-taganga\\lotes-en-taganga\\app\\components"
2025-11-23T05:12:02.214099Z  INFO get_files:scan_sources: tailwindcss_oxide::scanner: Discovering "G:\\GitHub\\lotes-en-taganga\\lotes-en-taganga\\public"
2025-11-23T05:12:02.214538Z  INFO get_files:scan_sources: tailwindcss_oxide::scanner: exit
2025-11-23T05:12:02.214659Z  INFO get_files: tailwindcss_oxide::scanner: exit
2025-11-23T05:12:02.215069Z  INFO get_globs: tailwindcss_oxide::scanner: enter
2025-11-23T05:12:02.215080Z  INFO get_globs: tailwindcss_oxide::scanner: exit
2025-11-23T05:13:49.501017Z  INFO scan_sources: tailwindcss_oxide::scanner: enter
2025-11-23T05:13:49.502339Z  INFO scan_sources: tailwindcss_oxide::scanner: Discovering "G:\\GitHub\\lotes-en-taganga\\lotes-en-taganga\\app"
2025-11-23T05:13:49.502518Z  INFO scan_sources: tailwindcss_oxide::scanner: Discovering "G:\\GitHub\\lotes-en-taganga\\lotes-en-taganga\\app\\components"
2025-11-23T05:13:49.502948Z  INFO scan_sources: tailwindcss_oxide::scanner: Discovering "G:\\GitHub\\lotes-en-taganga\\lotes-en-taganga\\app\\components\\Testimonials.tsx"
2025-11-23T05:13:49.503489Z  INFO scan_sources: tailwindcss_oxide::scanner: Discovering "G:\\GitHub\\lotes-en-taganga\\lotes-en-taganga\\public"
2025-11-23T05:13:49.503870Z  INFO scan_sources: tailwindcss_oxide::scanner: exit
2025-11-23T05:13:49.503879Z  INFO extract_candidates: tailwindcss_oxide::scanner: enter
2025-11-23T05:13:49.503884Z  INFO extract_candidates:read_all_files: tailwindcss_oxide::scanner: enter
2025-11-23T05:13:49.503887Z  INFO extract_candidates:read_all_files: tailwindcss_oxide::scanner: Reading 1 file(s)
2025-11-23T05:13:49.503928Z  INFO extract_candidates:read_all_files: tailwindcss_oxide::scanner: Reading "G:\\GitHub\\lotes-en-taganga\\lotes-en-taganga\\app\\components\\Testimonials.tsx"
2025-11-23T05:13:49.503936Z  INFO extract_candidates:read_all_files: tailwindcss_oxide::scanner: exit
2025-11-23T05:13:49.503940Z  INFO extract_candidates:parse_all_blobs: tailwindcss_oxide::scanner: enter
2025-11-23T05:13:49.503943Z  INFO extract_candidates:parse_all_blobs:extract: tailwindcss_oxide::scanner: enter
2025-11-23T05:13:49.503947Z  INFO extract_candidates:parse_all_blobs:extract: tailwindcss_oxide::scanner: exit
2025-11-23T05:13:49.503951Z  INFO extract_candidates:parse_all_blobs: tailwindcss_oxide::scanner: exit
2025-11-23T05:13:49.503956Z  INFO extract_candidates: tailwindcss_oxide::scanner: exit
2025-11-23T05:13:49.504089Z  INFO get_files: tailwindcss_oxide::scanner: enter
2025-11-23T05:13:49.504095Z  INFO get_files:scan_sources: tailwindcss_oxide::scanner: enter
2025-11-23T05:13:49.505046Z  INFO get_files:scan_sources: tailwindcss_oxide::scanner: Discovering "G:\\GitHub\\lotes-en-taganga\\lotes-en-taganga\\app"
2025-11-23T05:13:49.505205Z  INFO get_files:scan_sources: tailwindcss_oxide::scanner: Discovering "G:\\GitHub\\lotes-en-taganga\\lotes-en-taganga\\app\\components"
2025-11-23T05:13:49.505970Z  INFO get_files:scan_sources: tailwindcss_oxide::scanner: Discovering "G:\\GitHub\\lotes-en-taganga\\lotes-en-taganga\\public"
2025-11-23T05:13:49.506315Z  INFO get_files:scan_sources: tailwindcss_oxide::scanner: exit
2025-11-23T05:13:49.506468Z  INFO get_files: tailwindcss_oxide::scanner: exit
2025-11-23T05:13:49.506543Z  INFO get_globs: tailwindcss_oxide::scanner: enter
2025-11-23T05:13:49.506550Z  INFO get_globs: tailwindcss_oxide::scanner: exit
2025-11-23T05:13:50.934238Z  INFO scan_sources: tailwindcss_oxide::scanner: enter
2025-11-23T05:13:50.935591Z  INFO scan_sources: tailwindcss_oxide::scanner: Discovering "G:\\GitHub\\lotes-en-taganga\\lotes-en-taganga\\app"
2025-11-23T05:13:50.935814Z  INFO scan_sources: tailwindcss_oxide::scanner: Discovering "G:\\GitHub\\lotes-en-taganga\\lotes-en-taganga\\app\\components"
2025-11-23T05:13:50.936191Z  INFO scan_sources: tailwindcss_oxide::scanner: Discovering "G:\\GitHub\\lotes-en-taganga\\lotes-en-taganga\\app\\components\\Testimonials.tsx"
2025-11-23T05:13:50.936753Z  INFO scan_sources: tailwindcss_oxide::scanner: Discovering "G:\\GitHub\\lotes-en-taganga\\lotes-en-taganga\\public"
2025-11-23T05:13:50.937176Z  INFO scan_sources: tailwindcss_oxide::scanner: exit
2025-11-23T05:13:50.937187Z  INFO extract_candidates: tailwindcss_oxide::scanner: enter
2025-11-23T05:13:50.937193Z  INFO extract_candidates:read_all_files: tailwindcss_oxide::scanner: enter
2025-11-23T05:13:50.937196Z  INFO extract_candidates:read_all_files: tailwindcss_oxide::scanner: Reading 1 file(s)
2025-11-23T05:13:50.937269Z  INFO extract_candidates:read_all_files: tailwindcss_oxide::scanner: Reading "G:\\GitHub\\lotes-en-taganga\\lotes-en-taganga\\app\\components\\Testimonials.tsx"
2025-11-23T05:13:50.937279Z  INFO extract_candidates:read_all_files: tailwindcss_oxide::scanner: exit
2025-11-23T05:13:50.937284Z  INFO extract_candidates:parse_all_blobs: tailwindcss_oxide::scanner: enter
2025-11-23T05:13:50.937288Z  INFO extract_candidates:parse_all_blobs:extract: tailwindcss_oxide::scanner: enter
2025-11-23T05:13:50.937458Z  INFO extract_candidates:parse_all_blobs:extract: tailwindcss_oxide::scanner: exit
2025-11-23T05:13:50.937469Z  INFO extract_candidates:parse_all_blobs: tailwindcss_oxide::scanner: exit
2025-11-23T05:13:50.937826Z  INFO extract_candidates: tailwindcss_oxide::scanner: exit
2025-11-23T05:13:50.938079Z  INFO get_files: tailwindcss_oxide::scanner: enter
2025-11-23T05:13:50.938090Z  INFO get_files:scan_sources: tailwindcss_oxide::scanner: enter
2025-11-23T05:13:50.939366Z  INFO get_files:scan_sources: tailwindcss_oxide::scanner: Discovering "G:\\GitHub\\lotes-en-taganga\\lotes-en-taganga\\app"
2025-11-23T05:13:50.939610Z  INFO get_files:scan_sources: tailwindcss_oxide::scanner: Discovering "G:\\GitHub\\lotes-en-taganga\\lotes-en-taganga\\app\\components"
2025-11-23T05:13:50.940475Z  INFO get_files:scan_sources: tailwindcss_oxide::scanner: Discovering "G:\\GitHub\\lotes-en-taganga\\lotes-en-taganga\\public"
2025-11-23T05:13:50.940892Z  INFO get_files:scan_sources: tailwindcss_oxide::scanner: exit
2025-11-23T05:13:50.940988Z  INFO get_files: tailwindcss_oxide::scanner: exit
2025-11-23T05:13:50.941058Z  INFO get_globs: tailwindcss_oxide::scanner: enter
2025-11-23T05:13:50.941064Z  INFO get_globs: tailwindcss_oxide::scanner: exit
2025-11-23T05:14:29.566328Z  INFO scan_sources: tailwindcss_oxide::scanner: enter
2025-11-23T05:14:29.567423Z  INFO scan_sources: tailwindcss_oxide::scanner: Discovering "G:\\GitHub\\lotes-en-taganga\\lotes-en-taganga\\app"
2025-11-23T05:14:29.567586Z  INFO scan_sources: tailwindcss_oxide::scanner: Discovering "G:\\GitHub\\lotes-en-taganga\\lotes-en-taganga\\app\\components"
2025-11-23T05:14:29.567939Z  INFO scan_sources: tailwindcss_oxide::scanner: Discovering "G:\\GitHub\\lotes-en-taganga\\lotes-en-taganga\\app\\components\\Wsbtn.tsx"
2025-11-23T05:14:29.568492Z  INFO scan_sources: tailwindcss_oxide::scanner: Discovering "G:\\GitHub\\lotes-en-taganga\\lotes-en-taganga\\public"
2025-11-23T05:14:29.568871Z  INFO scan_sources: tailwindcss_oxide::scanner: exit
2025-11-23T05:14:29.568880Z  INFO extract_candidates: tailwindcss_oxide::scanner: enter
2025-11-23T05:14:29.568885Z  INFO extract_candidates:read_all_files: tailwindcss_oxide::scanner: enter
2025-11-23T05:14:29.568888Z  INFO extract_candidates:read_all_files: tailwindcss_oxide::scanner: Reading 1 file(s)
2025-11-23T05:14:29.568929Z  INFO extract_candidates:read_all_files: tailwindcss_oxide::scanner: Reading "G:\\GitHub\\lotes-en-taganga\\lotes-en-taganga\\app\\components\\Wsbtn.tsx"
2025-11-23T05:14:29.568937Z  INFO extract_candidates:read_all_files: tailwindcss_oxide::scanner: exit
2025-11-23T05:14:29.568949Z  INFO extract_candidates:parse_all_blobs: tailwindcss_oxide::scanner: enter
2025-11-23T05:14:29.568952Z  INFO extract_candidates:parse_all_blobs:extract: tailwindcss_oxide::scanner: enter
2025-11-23T05:14:29.568956Z  INFO extract_candidates:parse_all_blobs:extract: tailwindcss_oxide::scanner: exit
2025-11-23T05:14:29.568959Z  INFO extract_candidates:parse_all_blobs: tailwindcss_oxide::scanner: exit
2025-11-23T05:14:29.568963Z  INFO extract_candidates: tailwindcss_oxide::scanner: exit
2025-11-23T05:14:29.569085Z  INFO get_files: tailwindcss_oxide::scanner: enter
2025-11-23T05:14:29.569090Z  INFO get_files:scan_sources: tailwindcss_oxide::scanner: enter
2025-11-23T05:14:29.570008Z  INFO get_files:scan_sources: tailwindcss_oxide::scanner: Discovering "G:\\GitHub\\lotes-en-taganga\\lotes-en-taganga\\app"
2025-11-23T05:14:29.570164Z  INFO get_files:scan_sources: tailwindcss_oxide::scanner: Discovering "G:\\GitHub\\lotes-en-taganga\\lotes-en-taganga\\app\\components"
2025-11-23T05:14:29.570953Z  INFO get_files:scan_sources: tailwindcss_oxide::scanner: Discovering "G:\\GitHub\\lotes-en-taganga\\lotes-en-taganga\\public"
2025-11-23T05:14:29.571303Z  INFO get_files:scan_sources: tailwindcss_oxide::scanner: exit
2025-11-23T05:14:29.571461Z  INFO get_files: tailwindcss_oxide::scanner: exit
2025-11-23T05:14:29.571529Z  INFO get_globs: tailwindcss_oxide::scanner: enter
2025-11-23T05:14:29.571537Z  INFO get_globs: tailwindcss_oxide::scanner: exit
2025-11-23T05:14:33.545710Z  INFO scan_sources: tailwindcss_oxide::scanner: enter
2025-11-23T05:14:33.546966Z  INFO scan_sources: tailwindcss_oxide::scanner: Discovering "G:\\GitHub\\lotes-en-taganga\\lotes-en-taganga\\app"
2025-11-23T05:14:33.547133Z  INFO scan_sources: tailwindcss_oxide::scanner: Discovering "G:\\GitHub\\lotes-en-taganga\\lotes-en-taganga\\app\\components"
2025-11-23T05:14:33.547492Z  INFO scan_sources: tailwindcss_oxide::scanner: Discovering "G:\\GitHub\\lotes-en-taganga\\lotes-en-taganga\\app\\components\\Wsbtn.tsx"
2025-11-23T05:14:33.548021Z  INFO scan_sources: tailwindcss_oxide::scanner: Discovering "G:\\GitHub\\lotes-en-taganga\\lotes-en-taganga\\public"
2025-11-23T05:14:33.548426Z  INFO scan_sources: tailwindcss_oxide::scanner: exit
2025-11-23T05:14:33.548436Z  INFO extract_candidates: tailwindcss_oxide::scanner: enter
2025-11-23T05:14:33.548441Z  INFO extract_candidates:read_all_files: tailwindcss_oxide::scanner: enter
2025-11-23T05:14:33.548444Z  INFO extract_candidates:read_all_files: tailwindcss_oxide::scanner: Reading 1 file(s)
2025-11-23T05:14:33.548518Z  INFO extract_candidates:read_all_files: tailwindcss_oxide::scanner: Reading "G:\\GitHub\\lotes-en-taganga\\lotes-en-taganga\\app\\components\\Wsbtn.tsx"
2025-11-23T05:14:33.548528Z  INFO extract_candidates:read_all_files: tailwindcss_oxide::scanner: exit
2025-11-23T05:14:33.548532Z  INFO extract_candidates:parse_all_blobs: tailwindcss_oxide::scanner: enter
2025-11-23T05:14:33.548535Z  INFO extract_candidates:parse_all_blobs:extract: tailwindcss_oxide::scanner: enter
2025-11-23T05:14:33.548704Z  INFO extract_candidates:parse_all_blobs:extract: tailwindcss_oxide::scanner: exit
2025-11-23T05:14:33.548719Z  INFO extract_candidates:parse_all_blobs: tailwindcss_oxide::scanner: exit
2025-11-23T05:14:33.548819Z  INFO extract_candidates: tailwindcss_oxide::scanner: exit
2025-11-23T05:14:33.548982Z  INFO get_files: tailwindcss_oxide::scanner: enter
2025-11-23T05:14:33.548988Z  INFO get_files:scan_sources: tailwindcss_oxide::scanner: enter
2025-11-23T05:14:33.549988Z  INFO get_files:scan_sources: tailwindcss_oxide::scanner: Discovering "G:\\GitHub\\lotes-en-taganga\\lotes-en-taganga\\app"
2025-11-23T05:14:33.550146Z  INFO get_files:scan_sources: tailwindcss_oxide::scanner: Discovering "G:\\GitHub\\lotes-en-taganga\\lotes-en-taganga\\app\\components"
2025-11-23T05:14:33.550958Z  INFO get_files:scan_sources: tailwindcss_oxide::scanner: Discovering "G:\\GitHub\\lotes-en-taganga\\lotes-en-taganga\\public"
2025-11-23T05:14:33.551311Z  INFO get_files:scan_sources: tailwindcss_oxide::scanner: exit
2025-11-23T05:14:33.551438Z  INFO get_files: tailwindcss_oxide::scanner: exit
2025-11-23T05:14:33.551487Z  INFO get_globs: tailwindcss_oxide::scanner: enter
2025-11-23T05:14:33.551493Z  INFO get_globs: tailwindcss_oxide::scanner: exit
2025-11-23T05:14:42.657612Z  INFO scan_sources: tailwindcss_oxide::scanner: enter
2025-11-23T05:14:42.658947Z  INFO scan_sources: tailwindcss_oxide::scanner: Discovering "G:\\GitHub\\lotes-en-taganga\\lotes-en-taganga\\app"
2025-11-23T05:14:42.659122Z  INFO scan_sources: tailwindcss_oxide::scanner: Discovering "G:\\GitHub\\lotes-en-taganga\\lotes-en-taganga\\app\\components"
2025-11-23T05:14:42.659593Z  INFO scan_sources: tailwindcss_oxide::scanner: Discovering "G:\\GitHub\\lotes-en-taganga\\lotes-en-taganga\\app\\page.tsx"
2025-11-23T05:14:42.660058Z  INFO scan_sources: tailwindcss_oxide::scanner: Discovering "G:\\GitHub\\lotes-en-taganga\\lotes-en-taganga\\public"
2025-11-23T05:14:42.660477Z  INFO scan_sources: tailwindcss_oxide::scanner: exit
2025-11-23T05:14:42.660487Z  INFO extract_candidates: tailwindcss_oxide::scanner: enter
2025-11-23T05:14:42.660492Z  INFO extract_candidates:read_all_files: tailwindcss_oxide::scanner: enter
2025-11-23T05:14:42.660496Z  INFO extract_candidates:read_all_files: tailwindcss_oxide::scanner: Reading 1 file(s)
2025-11-23T05:14:42.660561Z  INFO extract_candidates:read_all_files: tailwindcss_oxide::scanner: Reading "G:\\GitHub\\lotes-en-taganga\\lotes-en-taganga\\app\\page.tsx"
2025-11-23T05:14:42.660570Z  INFO extract_candidates:read_all_files: tailwindcss_oxide::scanner: exit
2025-11-23T05:14:42.660574Z  INFO extract_candidates:parse_all_blobs: tailwindcss_oxide::scanner: enter
2025-11-23T05:14:42.660578Z  INFO extract_candidates:parse_all_blobs:extract: tailwindcss_oxide::scanner: enter
2025-11-23T05:14:42.660691Z  INFO extract_candidates:parse_all_blobs:extract: tailwindcss_oxide::scanner: exit
2025-11-23T05:14:42.660708Z  INFO extract_candidates:parse_all_blobs: tailwindcss_oxide::scanner: exit
2025-11-23T05:14:42.660781Z  INFO extract_candidates: tailwindcss_oxide::scanner: exit
2025-11-23T05:14:42.660983Z  INFO get_files: tailwindcss_oxide::scanner: enter
2025-11-23T05:14:42.660991Z  INFO get_files:scan_sources: tailwindcss_oxide::scanner: enter
2025-11-23T05:14:42.662149Z  INFO get_files:scan_sources: tailwindcss_oxide::scanner: Discovering "G:\\GitHub\\lotes-en-taganga\\lotes-en-taganga\\app"
2025-11-23T05:14:42.662320Z  INFO get_files:scan_sources: tailwindcss_oxide::scanner: Discovering "G:\\GitHub\\lotes-en-taganga\\lotes-en-taganga\\app\\components"
2025-11-23T05:14:42.663273Z  INFO get_files:scan_sources: tailwindcss_oxide::scanner: Discovering "G:\\GitHub\\lotes-en-taganga\\lotes-en-taganga\\public"
2025-11-23T05:14:42.663745Z  INFO get_files:scan_sources: tailwindcss_oxide::scanner: exit
2025-11-23T05:14:42.663841Z  INFO get_files: tailwindcss_oxide::scanner: exit
2025-11-23T05:14:42.663940Z  INFO get_globs: tailwindcss_oxide::scanner: enter
2025-11-23T05:14:42.663953Z  INFO get_globs: tailwindcss_oxide::scanner: exit
2025-11-23T05:14:49.874239Z  INFO scan_sources: tailwindcss_oxide::scanner: enter
2025-11-23T05:14:49.875966Z  INFO scan_sources: tailwindcss_oxide::scanner: Discovering "G:\\GitHub\\lotes-en-taganga\\lotes-en-taganga\\app"
2025-11-23T05:14:49.876197Z  INFO scan_sources: tailwindcss_oxide::scanner: Discovering "G:\\GitHub\\lotes-en-taganga\\lotes-en-taganga\\app\\components"
2025-11-23T05:14:49.876736Z  INFO scan_sources: tailwindcss_oxide::scanner: Discovering "G:\\GitHub\\lotes-en-taganga\\lotes-en-taganga\\app\\page.tsx"
2025-11-23T05:14:49.877170Z  INFO scan_sources: tailwindcss_oxide::scanner: Discovering "G:\\GitHub\\lotes-en-taganga\\lotes-en-taganga\\public"
2025-11-23T05:14:49.877609Z  INFO scan_sources: tailwindcss_oxide::scanner: exit
2025-11-23T05:14:49.877622Z  INFO extract_candidates: tailwindcss_oxide::scanner: enter
2025-11-23T05:14:49.877627Z  INFO extract_candidates:read_all_files: tailwindcss_oxide::scanner: enter
2025-11-23T05:14:49.877630Z  INFO extract_candidates:read_all_files: tailwindcss_oxide::scanner: Reading 1 file(s)
2025-11-23T05:14:49.877707Z  INFO extract_candidates:read_all_files: tailwindcss_oxide::scanner: Reading "G:\\GitHub\\lotes-en-taganga\\lotes-en-taganga\\app\\page.tsx"
2025-11-23T05:14:49.877720Z  INFO extract_candidates:read_all_files: tailwindcss_oxide::scanner: exit
2025-11-23T05:14:49.877724Z  INFO extract_candidates:parse_all_blobs: tailwindcss_oxide::scanner: enter
2025-11-23T05:14:49.877729Z  INFO extract_candidates:parse_all_blobs:extract: tailwindcss_oxide::scanner: enter
2025-11-23T05:14:49.877861Z  INFO extract_candidates:parse_all_blobs:extract: tailwindcss_oxide::scanner: exit
2025-11-23T05:14:49.877877Z  INFO extract_candidates:parse_all_blobs: tailwindcss_oxide::scanner: exit
2025-11-23T05:14:49.877945Z  INFO extract_candidates: tailwindcss_oxide::scanner: exit
2025-11-23T05:14:49.878228Z  INFO get_files: tailwindcss_oxide::scanner: enter
2025-11-23T05:14:49.878242Z  INFO get_files:scan_sources: tailwindcss_oxide::scanner: enter
2025-11-23T05:14:49.879981Z  INFO get_files:scan_sources: tailwindcss_oxide::scanner: Discovering "G:\\GitHub\\lotes-en-taganga\\lotes-en-taganga\\app"
2025-11-23T05:14:49.880221Z  INFO get_files:scan_sources: tailwindcss_oxide::scanner: Discovering "G:\\GitHub\\lotes-en-taganga\\lotes-en-taganga\\app\\components"
2025-11-23T05:14:49.881382Z  INFO get_files:scan_sources: tailwindcss_oxide::scanner: Discovering "G:\\GitHub\\lotes-en-taganga\\lotes-en-taganga\\public"
2025-11-23T05:14:49.881863Z  INFO get_files:scan_sources: tailwindcss_oxide::scanner: exit
2025-11-23T05:14:49.881984Z  INFO get_files: tailwindcss_oxide::scanner: exit
2025-11-23T05:14:49.882075Z  INFO get_globs: tailwindcss_oxide::scanner: enter
2025-11-23T05:14:49.882086Z  INFO get_globs: tailwindcss_oxide::scanner: exit
2025-11-23T05:14:51.716013Z  INFO scan_sources: tailwindcss_oxide::scanner: enter
2025-11-23T05:14:51.717789Z  INFO scan_sources: tailwindcss_oxide::scanner: Discovering "G:\\GitHub\\lotes-en-taganga\\lotes-en-taganga\\app"
2025-11-23T05:14:51.717975Z  INFO scan_sources: tailwindcss_oxide::scanner: Discovering "G:\\GitHub\\lotes-en-taganga\\lotes-en-taganga\\app\\components"
2025-11-23T05:14:51.718499Z  INFO scan_sources: tailwindcss_oxide::scanner: Discovering "G:\\GitHub\\lotes-en-taganga\\lotes-en-taganga\\app\\page.tsx"
2025-11-23T05:14:51.719110Z  INFO scan_sources: tailwindcss_oxide::scanner: Discovering "G:\\GitHub\\lotes-en-taganga\\lotes-en-taganga\\public"
2025-11-23T05:14:51.719548Z  INFO scan_sources: tailwindcss_oxide::scanner: exit
2025-11-23T05:14:51.719559Z  INFO extract_candidates: tailwindcss_oxide::scanner: enter
2025-11-23T05:14:51.719565Z  INFO extract_candidates:read_all_files: tailwindcss_oxide::scanner: enter
2025-11-23T05:14:51.719568Z  INFO extract_candidates:read_all_files: tailwindcss_oxide::scanner: Reading 1 file(s)
2025-11-23T05:14:51.719634Z  INFO extract_candidates:read_all_files: tailwindcss_oxide::scanner: Reading "G:\\GitHub\\lotes-en-taganga\\lotes-en-taganga\\app\\page.tsx"
2025-11-23T05:14:51.719645Z  INFO extract_candidates:read_all_files: tailwindcss_oxide::scanner: exit
2025-11-23T05:14:51.719650Z  INFO extract_candidates:parse_all_blobs: tailwindcss_oxide::scanner: enter
2025-11-23T05:14:51.719653Z  INFO extract_candidates:parse_all_blobs:extract: tailwindcss_oxide::scanner: enter
2025-11-23T05:14:51.719765Z  INFO extract_candidates:parse_all_blobs:extract: tailwindcss_oxide::scanner: exit
2025-11-23T05:14:51.719778Z  INFO extract_candidates:parse_all_blobs: tailwindcss_oxide::scanner: exit
2025-11-23T05:14:51.719838Z  INFO extract_candidates: tailwindcss_oxide::scanner: exit
2025-11-23T05:14:51.720014Z  INFO get_files: tailwindcss_oxide::scanner: enter
2025-11-23T05:14:51.720022Z  INFO get_files:scan_sources: tailwindcss_oxide::scanner: enter
2025-11-23T05:14:51.721076Z  INFO get_files:scan_sources: tailwindcss_oxide::scanner: Discovering "G:\\GitHub\\lotes-en-taganga\\lotes-en-taganga\\app"
2025-11-23T05:14:51.721242Z  INFO get_files:scan_sources: tailwindcss_oxide::scanner: Discovering "G:\\GitHub\\lotes-en-taganga\\lotes-en-taganga\\app\\components"
2025-11-23T05:14:51.722119Z  INFO get_files:scan_sources: tailwindcss_oxide::scanner: Discovering "G:\\GitHub\\lotes-en-taganga\\lotes-en-taganga\\public"
2025-11-23T05:14:51.722501Z  INFO get_files:scan_sources: tailwindcss_oxide::scanner: exit
2025-11-23T05:14:51.722588Z  INFO get_files: tailwindcss_oxide::scanner: exit
2025-11-23T05:14:51.722648Z  INFO get_globs: tailwindcss_oxide::scanner: enter
2025-11-23T05:14:51.722658Z  INFO get_globs: tailwindcss_oxide::scanner: exit
2025-11-23T05:14:59.406624Z  INFO scan_sources: tailwindcss_oxide::scanner: enter
2025-11-23T05:14:59.408068Z  INFO scan_sources: tailwindcss_oxide::scanner: Discovering "G:\\GitHub\\lotes-en-taganga\\lotes-en-taganga\\app"
2025-11-23T05:14:59.408270Z  INFO scan_sources: tailwindcss_oxide::scanner: Discovering "G:\\GitHub\\lotes-en-taganga\\lotes-en-taganga\\app\\components"
2025-11-23T05:14:59.408771Z  INFO scan_sources: tailwindcss_oxide::scanner: Discovering "G:\\GitHub\\lotes-en-taganga\\lotes-en-taganga\\app\\page.tsx"
2025-11-23T05:14:59.409190Z  INFO scan_sources: tailwindcss_oxide::scanner: Discovering "G:\\GitHub\\lotes-en-taganga\\lotes-en-taganga\\public"
2025-11-23T05:14:59.409623Z  INFO scan_sources: tailwindcss_oxide::scanner: exit
2025-11-23T05:14:59.409634Z  INFO extract_candidates: tailwindcss_oxide::scanner: enter
2025-11-23T05:14:59.409639Z  INFO extract_candidates:read_all_files: tailwindcss_oxide::scanner: enter
2025-11-23T05:14:59.409642Z  INFO extract_candidates:read_all_files: tailwindcss_oxide::scanner: Reading 1 file(s)
2025-11-23T05:14:59.409709Z  INFO extract_candidates:read_all_files: tailwindcss_oxide::scanner: Reading "G:\\GitHub\\lotes-en-taganga\\lotes-en-taganga\\app\\page.tsx"
2025-11-23T05:14:59.409718Z  INFO extract_candidates:read_all_files: tailwindcss_oxide::scanner: exit
2025-11-23T05:14:59.409723Z  INFO extract_candidates:parse_all_blobs: tailwindcss_oxide::scanner: enter
2025-11-23T05:14:59.409726Z  INFO extract_candidates:parse_all_blobs:extract: tailwindcss_oxide::scanner: enter
2025-11-23T05:14:59.409843Z  INFO extract_candidates:parse_all_blobs:extract: tailwindcss_oxide::scanner: exit
2025-11-23T05:14:59.409852Z  INFO extract_candidates:parse_all_blobs: tailwindcss_oxide::scanner: exit
2025-11-23T05:14:59.409910Z  INFO extract_candidates: tailwindcss_oxide::scanner: exit
2025-11-23T05:14:59.410108Z  INFO get_files: tailwindcss_oxide::scanner: enter
2025-11-23T05:14:59.410118Z  INFO get_files:scan_sources: tailwindcss_oxide::scanner: enter
2025-11-23T05:14:59.411187Z  INFO get_files:scan_sources: tailwindcss_oxide::scanner: Discovering "G:\\GitHub\\lotes-en-taganga\\lotes-en-taganga\\app"
2025-11-23T05:14:59.411353Z  INFO get_files:scan_sources: tailwindcss_oxide::scanner: Discovering "G:\\GitHub\\lotes-en-taganga\\lotes-en-taganga\\app\\components"
2025-11-23T05:14:59.412186Z  INFO get_files:scan_sources: tailwindcss_oxide::scanner: Discovering "G:\\GitHub\\lotes-en-taganga\\lotes-en-taganga\\public"
2025-11-23T05:14:59.412559Z  INFO get_files:scan_sources: tailwindcss_oxide::scanner: exit
2025-11-23T05:14:59.412683Z  INFO get_files: tailwindcss_oxide::scanner: exit
2025-11-23T05:14:59.412765Z  INFO get_globs: tailwindcss_oxide::scanner: enter
2025-11-23T05:14:59.412773Z  INFO get_globs: tailwindcss_oxide::scanner: exit
2025-11-23T05:15:01.501515Z  INFO scan_sources: tailwindcss_oxide::scanner: enter
2025-11-23T05:15:01.502846Z  INFO scan_sources: tailwindcss_oxide::scanner: Discovering "G:\\GitHub\\lotes-en-taganga\\lotes-en-taganga\\app"
2025-11-23T05:15:01.503022Z  INFO scan_sources: tailwindcss_oxide::scanner: Discovering "G:\\GitHub\\lotes-en-taganga\\lotes-en-taganga\\app\\components"
2025-11-23T05:15:01.503510Z  INFO scan_sources: tailwindcss_oxide::scanner: Discovering "G:\\GitHub\\lotes-en-taganga\\lotes-en-taganga\\app\\page.tsx"
2025-11-23T05:15:01.503916Z  INFO scan_sources: tailwindcss_oxide::scanner: Discovering "G:\\GitHub\\lotes-en-taganga\\lotes-en-taganga\\public"
2025-11-23T05:15:01.504319Z  INFO scan_sources: tailwindcss_oxide::scanner: exit
2025-11-23T05:15:01.504329Z  INFO extract_candidates: tailwindcss_oxide::scanner: enter
2025-11-23T05:15:01.504334Z  INFO extract_candidates:read_all_files: tailwindcss_oxide::scanner: enter
2025-11-23T05:15:01.504337Z  INFO extract_candidates:read_all_files: tailwindcss_oxide::scanner: Reading 1 file(s)
2025-11-23T05:15:01.504400Z  INFO extract_candidates:read_all_files: tailwindcss_oxide::scanner: Reading "G:\\GitHub\\lotes-en-taganga\\lotes-en-taganga\\app\\page.tsx"
2025-11-23T05:15:01.504410Z  INFO extract_candidates:read_all_files: tailwindcss_oxide::scanner: exit
2025-11-23T05:15:01.504415Z  INFO extract_candidates:parse_all_blobs: tailwindcss_oxide::scanner: enter
2025-11-23T05:15:01.504418Z  INFO extract_candidates:parse_all_blobs:extract: tailwindcss_oxide::scanner: enter
2025-11-23T05:15:01.504523Z  INFO extract_candidates:parse_all_blobs:extract: tailwindcss_oxide::scanner: exit
2025-11-23T05:15:01.504531Z  INFO extract_candidates:parse_all_blobs: tailwindcss_oxide::scanner: exit
2025-11-23T05:15:01.504607Z  INFO extract_candidates: tailwindcss_oxide::scanner: exit
2025-11-23T05:15:01.504807Z  INFO get_files: tailwindcss_oxide::scanner: enter
2025-11-23T05:15:01.504815Z  INFO get_files:scan_sources: tailwindcss_oxide::scanner: enter
2025-11-23T05:15:01.505903Z  INFO get_files:scan_sources: tailwindcss_oxide::scanner: Discovering "G:\\GitHub\\lotes-en-taganga\\lotes-en-taganga\\app"
2025-11-23T05:15:01.506065Z  INFO get_files:scan_sources: tailwindcss_oxide::scanner: Discovering "G:\\GitHub\\lotes-en-taganga\\lotes-en-taganga\\app\\components"
2025-11-23T05:15:01.507047Z  INFO get_files:scan_sources: tailwindcss_oxide::scanner: Discovering "G:\\GitHub\\lotes-en-taganga\\lotes-en-taganga\\public"
2025-11-23T05:15:01.507468Z  INFO get_files:scan_sources: tailwindcss_oxide::scanner: exit
2025-11-23T05:15:01.507576Z  INFO get_files: tailwindcss_oxide::scanner: exit
2025-11-23T05:15:01.507650Z  INFO get_globs: tailwindcss_oxide::scanner: enter
2025-11-23T05:15:01.507656Z  INFO get_globs: tailwindcss_oxide::scanner: exit
2025-11-23T05:15:33.575148Z  INFO scan_sources: tailwindcss_oxide::scanner: enter
2025-11-23T05:15:33.576518Z  INFO scan_sources: tailwindcss_oxide::scanner: Discovering "G:\\GitHub\\lotes-en-taganga\\lotes-en-taganga\\app"
2025-11-23T05:15:33.576696Z  INFO scan_sources: tailwindcss_oxide::scanner: Discovering "G:\\GitHub\\lotes-en-taganga\\lotes-en-taganga\\app\\components"
2025-11-23T05:15:33.577161Z  INFO scan_sources: tailwindcss_oxide::scanner: Discovering "G:\\GitHub\\lotes-en-taganga\\lotes-en-taganga\\app\\page.tsx"
2025-11-23T05:15:33.577559Z  INFO scan_sources: tailwindcss_oxide::scanner: Discovering "G:\\GitHub\\lotes-en-taganga\\lotes-en-taganga\\public"
2025-11-23T05:15:33.577935Z  INFO scan_sources: tailwindcss_oxide::scanner: exit
2025-11-23T05:15:33.577945Z  INFO extract_candidates: tailwindcss_oxide::scanner: enter
2025-11-23T05:15:33.577950Z  INFO extract_candidates:read_all_files: tailwindcss_oxide::scanner: enter
2025-11-23T05:15:33.577953Z  INFO extract_candidates:read_all_files: tailwindcss_oxide::scanner: Reading 1 file(s)
2025-11-23T05:15:33.578020Z  INFO extract_candidates:read_all_files: tailwindcss_oxide::scanner: Reading "G:\\GitHub\\lotes-en-taganga\\lotes-en-taganga\\app\\page.tsx"
2025-11-23T05:15:33.578033Z  INFO extract_candidates:read_all_files: tailwindcss_oxide::scanner: exit
2025-11-23T05:15:33.578039Z  INFO extract_candidates:parse_all_blobs: tailwindcss_oxide::scanner: enter
2025-11-23T05:15:33.578043Z  INFO extract_candidates:parse_all_blobs:extract: tailwindcss_oxide::scanner: enter
2025-11-23T05:15:33.578152Z  INFO extract_candidates:parse_all_blobs:extract: tailwindcss_oxide::scanner: exit
2025-11-23T05:15:33.578167Z  INFO extract_candidates:parse_all_blobs: tailwindcss_oxide::scanner: exit
2025-11-23T05:15:33.578227Z  INFO extract_candidates: tailwindcss_oxide::scanner: exit
2025-11-23T05:15:33.578415Z  INFO get_files: tailwindcss_oxide::scanner: enter
2025-11-23T05:15:33.578422Z  INFO get_files:scan_sources: tailwindcss_oxide::scanner: enter
2025-11-23T05:15:33.579599Z  INFO get_files:scan_sources: tailwindcss_oxide::scanner: Discovering "G:\\GitHub\\lotes-en-taganga\\lotes-en-taganga\\app"
2025-11-23T05:15:33.579757Z  INFO get_files:scan_sources: tailwindcss_oxide::scanner: Discovering "G:\\GitHub\\lotes-en-taganga\\lotes-en-taganga\\app\\components"
2025-11-23T05:15:33.580544Z  INFO get_files:scan_sources: tailwindcss_oxide::scanner: Discovering "G:\\GitHub\\lotes-en-taganga\\lotes-en-taganga\\public"
2025-11-23T05:15:33.580892Z  INFO get_files:scan_sources: tailwindcss_oxide::scanner: exit
2025-11-23T05:15:33.580971Z  INFO get_files: tailwindcss_oxide::scanner: exit
2025-11-23T05:15:33.581048Z  INFO get_globs: tailwindcss_oxide::scanner: enter
2025-11-23T05:15:33.581054Z  INFO get_globs: tailwindcss_oxide::scanner: exit
2025-11-23T05:15:38.653058Z  INFO scan_sources: tailwindcss_oxide::scanner: enter
2025-11-23T05:15:38.654768Z  INFO scan_sources: tailwindcss_oxide::scanner: Discovering "G:\\GitHub\\lotes-en-taganga\\lotes-en-taganga\\app"
2025-11-23T05:15:38.654951Z  INFO scan_sources: tailwindcss_oxide::scanner: Discovering "G:\\GitHub\\lotes-en-taganga\\lotes-en-taganga\\app\\components"
2025-11-23T05:15:38.655431Z  INFO scan_sources: tailwindcss_oxide::scanner: Discovering "G:\\GitHub\\lotes-en-taganga\\lotes-en-taganga\\app\\page.tsx"
2025-11-23T05:15:38.655914Z  INFO scan_sources: tailwindcss_oxide::scanner: Discovering "G:\\GitHub\\lotes-en-taganga\\lotes-en-taganga\\public"
2025-11-23T05:15:38.656407Z  INFO scan_sources: tailwindcss_oxide::scanner: exit
2025-11-23T05:15:38.656418Z  INFO extract_candidates: tailwindcss_oxide::scanner: enter
2025-11-23T05:15:38.656423Z  INFO extract_candidates:read_all_files: tailwindcss_oxide::scanner: enter
2025-11-23T05:15:38.656426Z  INFO extract_candidates:read_all_files: tailwindcss_oxide::scanner: Reading 1 file(s)
2025-11-23T05:15:38.656500Z  INFO extract_candidates:read_all_files: tailwindcss_oxide::scanner: Reading "G:\\GitHub\\lotes-en-taganga\\lotes-en-taganga\\app\\page.tsx"
2025-11-23T05:15:38.656509Z  INFO extract_candidates:read_all_files: tailwindcss_oxide::scanner: exit
2025-11-23T05:15:38.656513Z  INFO extract_candidates:parse_all_blobs: tailwindcss_oxide::scanner: enter
2025-11-23T05:15:38.656516Z  INFO extract_candidates:parse_all_blobs:extract: tailwindcss_oxide::scanner: enter
2025-11-23T05:15:38.656613Z  INFO extract_candidates:parse_all_blobs:extract: tailwindcss_oxide::scanner: exit
2025-11-23T05:15:38.656629Z  INFO extract_candidates:parse_all_blobs: tailwindcss_oxide::scanner: exit
2025-11-23T05:15:38.656688Z  INFO extract_candidates: tailwindcss_oxide::scanner: exit
2025-11-23T05:15:38.656936Z  INFO get_files: tailwindcss_oxide::scanner: enter
2025-11-23T05:15:38.656943Z  INFO get_files:scan_sources: tailwindcss_oxide::scanner: enter
2025-11-23T05:15:38.657992Z  INFO get_files:scan_sources: tailwindcss_oxide::scanner: Discovering "G:\\GitHub\\lotes-en-taganga\\lotes-en-taganga\\app"
2025-11-23T05:15:38.658154Z  INFO get_files:scan_sources: tailwindcss_oxide::scanner: Discovering "G:\\GitHub\\lotes-en-taganga\\lotes-en-taganga\\app\\components"
2025-11-23T05:15:38.659150Z  INFO get_files:scan_sources: tailwindcss_oxide::scanner: Discovering "G:\\GitHub\\lotes-en-taganga\\lotes-en-taganga\\public"
2025-11-23T05:15:38.659552Z  INFO get_files:scan_sources: tailwindcss_oxide::scanner: exit
2025-11-23T05:15:38.659723Z  INFO get_files: tailwindcss_oxide::scanner: exit
2025-11-23T05:15:38.659790Z  INFO get_globs: tailwindcss_oxide::scanner: enter
2025-11-23T05:15:38.659798Z  INFO get_globs: tailwindcss_oxide::scanner: exit
2025-11-23T05:16:15.632214Z  INFO scan_sources: tailwindcss_oxide::scanner: enter
2025-11-23T05:16:15.633995Z  INFO scan_sources: tailwindcss_oxide::scanner: Discovering "G:\\GitHub\\lotes-en-taganga\\lotes-en-taganga\\app"
2025-11-23T05:16:15.634246Z  INFO scan_sources: tailwindcss_oxide::scanner: Discovering "G:\\GitHub\\lotes-en-taganga\\lotes-en-taganga\\app\\components"
2025-11-23T05:16:15.634737Z  INFO scan_sources: tailwindcss_oxide::scanner: Discovering "G:\\GitHub\\lotes-en-taganga\\lotes-en-taganga\\app\\components\\Testimonials.tsx"
2025-11-23T05:16:15.635565Z  INFO scan_sources: tailwindcss_oxide::scanner: Discovering "G:\\GitHub\\lotes-en-taganga\\lotes-en-taganga\\public"
2025-11-23T05:16:15.636208Z  INFO scan_sources: tailwindcss_oxide::scanner: exit
2025-11-23T05:16:15.636225Z  INFO extract_candidates: tailwindcss_oxide::scanner: enter
2025-11-23T05:16:15.636232Z  INFO extract_candidates:read_all_files: tailwindcss_oxide::scanner: enter
2025-11-23T05:16:15.636236Z  INFO extract_candidates:read_all_files: tailwindcss_oxide::scanner: Reading 1 file(s)
2025-11-23T05:16:15.636347Z  INFO extract_candidates:read_all_files: tailwindcss_oxide::scanner: Reading "G:\\GitHub\\lotes-en-taganga\\lotes-en-taganga\\app\\components\\Testimonials.tsx"
2025-11-23T05:16:15.636361Z  INFO extract_candidates:read_all_files: tailwindcss_oxide::scanner: exit
2025-11-23T05:16:15.636367Z  INFO extract_candidates:parse_all_blobs: tailwindcss_oxide::scanner: enter
2025-11-23T05:16:15.636373Z  INFO extract_candidates:parse_all_blobs:extract: tailwindcss_oxide::scanner: enter
2025-11-23T05:16:15.636561Z  INFO extract_candidates:parse_all_blobs:extract: tailwindcss_oxide::scanner: exit
2025-11-23T05:16:15.636577Z  INFO extract_candidates:parse_all_blobs: tailwindcss_oxide::scanner: exit
2025-11-23T05:16:15.636661Z  INFO extract_candidates: tailwindcss_oxide::scanner: exit
2025-11-23T05:16:15.636852Z  INFO get_files: tailwindcss_oxide::scanner: enter
2025-11-23T05:16:15.636859Z  INFO get_files:scan_sources: tailwindcss_oxide::scanner: enter
2025-11-23T05:16:15.638164Z  INFO get_files:scan_sources: tailwindcss_oxide::scanner: Discovering "G:\\GitHub\\lotes-en-taganga\\lotes-en-taganga\\app"
2025-11-23T05:16:15.638335Z  INFO get_files:scan_sources: tailwindcss_oxide::scanner: Discovering "G:\\GitHub\\lotes-en-taganga\\lotes-en-taganga\\app\\components"
2025-11-23T05:16:15.639183Z  INFO get_files:scan_sources: tailwindcss_oxide::scanner: Discovering "G:\\GitHub\\lotes-en-taganga\\lotes-en-taganga\\public"
2025-11-23T05:16:15.639548Z  INFO get_files:scan_sources: tailwindcss_oxide::scanner: exit
2025-11-23T05:16:15.639658Z  INFO get_files: tailwindcss_oxide::scanner: exit
2025-11-23T05:16:15.639724Z  INFO get_globs: tailwindcss_oxide::scanner: enter
2025-11-23T05:16:15.639731Z  INFO get_globs: tailwindcss_oxide::scanner: exit
